[2m12:01:53[22m [31m[1m[vite][22m[39m [31m[2m(client)[22m[39m Pre-transform error: Failed to resolve import "pages/OrderDetailPage.vue" from "src/router/routes.js". Does the file exist?
  Plugin: [35mvite:import-analysis[39m
  File: [36mD:/final_project/campus-trade-app/src/router/routes.js[39m:10:74
[33m  8  |        { path: 'category/:category', name: 'search-category', component: () => import('pages/SearchPage.vue') },
  9  |        { path: 'detail/:id', name: 'detail', component: () => import('pages/DetailPage.vue') },
  10 |  ...:id', name: 'order-detail', component: () => import('pages/OrderDetailPage.vue'), meta: { requiresAuth: true } },
     |                                                                 ^
  11 |        { path: 'publish', name: 'publish', component: () => import('pages/PublishPage.vue'), meta: { requiresAuth: tru...
  12 |        { path: 'messages', name: 'messages', component: () => import('pages/MessagesPage.vue'), meta: { requiresAuth: ...[39m
[2m12:01:53[22m [31m[1m[vite][22m[39m [31mInternal server error: Failed to resolve import "pages/OrderDetailPage.vue" from "src/router/routes.js". Does the file exist?[39m
  Plugin: [35mvite:import-analysis[39m
  File: [36mD:/final_project/campus-trade-app/src/router/routes.js[39m:10:74
[33m  8  |        { path: 'category/:category', name: 'search-category', component: () => import('pages/SearchPage.vue') },
  9  |        { path: 'detail/:id', name: 'detail', component: () => import('pages/DetailPage.vue') },
  10 |  ...:id', name: 'order-detail', component: () => import('pages/OrderDetailPage.vue'), meta: { requiresAuth: true } },
     |                                                                 ^
  11 |        { path: 'publish', name: 'publish', component: () => import('pages/PublishPage.vue'), meta: { requiresAuth: tru...
  12 |        { path: 'messages', name: 'messages', component: () => import('pages/MessagesPage.vue'), meta: { requiresAuth: ...[39m
      at TransformPluginContext._formatLog (file:///D:/final_project/campus-trade-app/node_modules/vite/dist/node/chunks/config.js:28999:43)
      at TransformPluginContext.error (file:///D:/final_project/campus-trade-app/node_modules/vite/dist/node/chunks/config.js:28996:14)
      at normalizeUrl (file:///D:/final_project/campus-trade-app/node_modules/vite/dist/node/chunks/config.js:27119:18)
      at async file:///D:/final_project/campus-trade-app/node_modules/vite/dist/node/chunks/config.js:27177:32
      at async Promise.all (index 5)
      at async TransformPluginContext.transform (file:///D:/final_project/campus-trade-app/node_modules/vite/dist/node/chunks/config.js:27145:4)
      at async EnvironmentPluginContainer.transform (file:///D:/final_project/campus-trade-app/node_modules/vite/dist/node/chunks/config.js:28797:14)
      at async loadAndTransform (file:///D:/final_project/campus-trade-app/node_modules/vite/dist/node/chunks/config.js:22670:26)
      at async viteTransformMiddleware (file:///D:/final_project/campus-trade-app/node_modules/vite/dist/node/chunks/config.js:24542:20)
[2m12:15:27[22m [31m[1m[vite][22m[39m [31m[2m(client)[22m[39m Pre-transform error: Failed to resolve import "pages/AdminNotificationsPage.vue" from "src/router/routes.js". Does the file exist?
  Plugin: [35mvite:import-analysis[39m
  File: [36mD:/final_project/campus-trade-app/src/router/routes.js[39m:25:84
[33m  23 |        { path: 'dashboard', name: 'admin-dashboard', component: () => import('pages/AdminDashboardPage.vue'), meta: { ...
  24 |        { path: 'listings', name: 'admin-listings', component: () => import('pages/AdminListingsPage.vue'), meta: { req...
  25 |  ...'admin-notifications', component: () => import('pages/AdminNotificationsPage.vue'), meta: { requiresAdmin: true } },
     |                                                                 ^
  26 |        { path: 'users', name: 'admin-users', component: () => import('pages/AdminUsersPage.vue'), meta: { requiresAdmi...
  27 |        { path: 'login', name: 'admin-login', component: () => import('pages/AdminLoginPage.vue') }[39m
[2m12:15:27[22m [31m[1m[vite][22m[39m [31mInternal server error: Failed to resolve import "pages/AdminNotificationsPage.vue" from "src/router/routes.js". Does the file exist?[39m
  Plugin: [35mvite:import-analysis[39m
  File: [36mD:/final_project/campus-trade-app/src/router/routes.js[39m:25:84
[33m  23 |        { path: 'dashboard', name: 'admin-dashboard', component: () => import('pages/AdminDashboardPage.vue'), meta: { ...
  24 |        { path: 'listings', name: 'admin-listings', component: () => import('pages/AdminListingsPage.vue'), meta: { req...
  25 |  ...'admin-notifications', component: () => import('pages/AdminNotificationsPage.vue'), meta: { requiresAdmin: true } },
     |                                                                 ^
  26 |        { path: 'users', name: 'admin-users', component: () => import('pages/AdminUsersPage.vue'), meta: { requiresAdmi...
  27 |        { path: 'login', name: 'admin-login', component: () => import('pages/AdminLoginPage.vue') }[39m
      at TransformPluginContext._formatLog (file:///D:/final_project/campus-trade-app/node_modules/vite/dist/node/chunks/config.js:28999:43)
      at TransformPluginContext.error (file:///D:/final_project/campus-trade-app/node_modules/vite/dist/node/chunks/config.js:28996:14)
      at normalizeUrl (file:///D:/final_project/campus-trade-app/node_modules/vite/dist/node/chunks/config.js:27119:18)
      at async file:///D:/final_project/campus-trade-app/node_modules/vite/dist/node/chunks/config.js:27177:32
      at async Promise.all (index 14)
      at async TransformPluginContext.transform (file:///D:/final_project/campus-trade-app/node_modules/vite/dist/node/chunks/config.js:27145:4)
      at async EnvironmentPluginContainer.transform (file:///D:/final_project/campus-trade-app/node_modules/vite/dist/node/chunks/config.js:28797:14)
      at async loadAndTransform (file:///D:/final_project/campus-trade-app/node_modules/vite/dist/node/chunks/config.js:22670:26)
      at async viteTransformMiddleware (file:///D:/final_project/campus-trade-app/node_modules/vite/dist/node/chunks/config.js:24542:20)
